[rosen-kreuz.pressingdog.com/main/indexd5ad.html]
[backblue.gif]
[fade.gif]
[index.html]
[rosen-kreuz.pressingdog.com/wp-includes/css/dist/block-library/style.min0899.css]
[rosen-kreuz.pressingdog.com/wp-content/themes/rosenkreuz/css/reset8a54.css]
[rosen-kreuz.pressingdog.com/wp-content/themes/rosenkreuz/style8a54.css]
[rosen-kreuz.pressingdog.com/wp-content/uploads/2024/09/icon.png]
[rosen-kreuz.pressingdog.com/wp-content/themes/rosenkreuz/images/header-logo.png]
[rosen-kreuz.pressingdog.com/wp-content/uploads/2025/06/IMG_0487-scaled.jpg]
[rosen-kreuz.pressingdog.com/wp-content/uploads/2025/06/IMG_0615.jpg]
[rosen-kreuz.pressingdog.com/wp-content/uploads/2025/06/IMG_0512.jpg]
[rosen-kreuz.pressingdog.com/main/index.html]
[rosen-kreuz.pressingdog.com/wp-content/uploads/2025/06/IMG_0511-scaled.jpg]
[rosen-kreuz.pressingdog.com/wp-content/themes/rosenkreuz/images/footer-logo.png]
[rosen-kreuz.pressingdog.com/wp-content/themes/rosenkreuz/images/icon-insta.png]
[rosen-kreuz.pressingdog.com/wp-content/themes/rosenkreuz/images/icon-mail.png]
[cdn.jsdelivr.net/npm/swiper@8/swiper-bundle.min.js]
[cdn.jsdelivr.net/npm/swiper@8/swiper-bundle.min.css]
[ajax.googleapis.com/ajax/libs/jquery/3.7.0/jquery.min.js]
[rosen-kreuz.pressingdog.com/wp-content/themes/rosenkreuz/js/common.js]
[rosen-kreuz.pressingdog.com/wp-content/themes/rosenkreuz/js/navigation8a54.js]
[rosen-kreuz.pressingdog.com/wp-content/plugins/gtranslate/js/lc0899.js]
[rosen-kreuz.pressingdog.com/main/indexd5ad.html]
[rosen-kreuz.pressingdog.com/wp-includes/css/dist/block-library/style.min0899.css]
[rosen-kreuz.pressingdog.com/wp-content/themes/rosenkreuz/css/reset8a54.css]
[rosen-kreuz.pressingdog.com/wp-content/themes/rosenkreuz/images/icon-pin.png]
[rosen-kreuz.pressingdog.com/wp-content/themes/rosenkreuz/images/icon-dir-two.png]
[rosen-kreuz.pressingdog.com/wp-content/themes/rosenkreuz/style8a54.css]
[rosen-kreuz.pressingdog.com/main/index.html]
[cdn.jsdelivr.net/npm/swiper@8/swiper-bundle.min.css]
